2025-11-18 21:39:08,333 INFO o.a.j.u.JMeterUtils: Setting Locale to en_EN
2025-11-18 21:39:08,356 INFO o.a.j.JMeter: Loading user properties from: C:\Users\Administrador\Downloads\apache-jmeter-5.6.3\apache-jmeter-5.6.3\bin\user.properties
2025-11-18 21:39:08,356 INFO o.a.j.JMeter: Loading system properties from: C:\Users\Administrador\Downloads\apache-jmeter-5.6.3\apache-jmeter-5.6.3\bin\system.properties
2025-11-18 21:39:08,357 INFO o.a.j.JMeter: Loading additional properties from: backend/tests/jmeter/props/local.properties
2025-11-18 21:39:08,367 INFO o.a.j.JMeter: Copyright (c) 1998-2024 The Apache Software Foundation
2025-11-18 21:39:08,367 INFO o.a.j.JMeter: Version 5.6.3
2025-11-18 21:39:08,367 INFO o.a.j.JMeter: java.version=24.0.2
2025-11-18 21:39:08,367 INFO o.a.j.JMeter: java.vm.name=Java HotSpot(TM) 64-Bit Server VM
2025-11-18 21:39:08,367 INFO o.a.j.JMeter: os.name=Windows 11
2025-11-18 21:39:08,367 INFO o.a.j.JMeter: os.arch=amd64
2025-11-18 21:39:08,367 INFO o.a.j.JMeter: os.version=10.0
2025-11-18 21:39:08,367 INFO o.a.j.JMeter: file.encoding=UTF-8
2025-11-18 21:39:08,367 INFO o.a.j.JMeter: java.awt.headless=true
2025-11-18 21:39:08,367 INFO o.a.j.JMeter: Max memory     =1073741824
2025-11-18 21:39:08,367 INFO o.a.j.JMeter: Available Processors =12
2025-11-18 21:39:08,381 INFO o.a.j.JMeter: Default Locale=English (EN)
2025-11-18 21:39:08,382 INFO o.a.j.JMeter: JMeter  Locale=English (EN)
2025-11-18 21:39:08,382 INFO o.a.j.JMeter: JMeterHome=C:\Users\Administrador\Downloads\apache-jmeter-5.6.3\apache-jmeter-5.6.3
2025-11-18 21:39:08,382 INFO o.a.j.JMeter: user.dir  =C:\Users\Administrador\Documents\teste-software-univas
2025-11-18 21:39:08,382 INFO o.a.j.JMeter: PWD       =C:\Users\Administrador\Documents\teste-software-univas
2025-11-18 21:39:08,384 INFO o.a.j.JMeter: IP: 192.168.191.235 Name: UNI-LABF-7467 FullName: UNI-LABF-7467.fuvs.br
2025-11-18 21:39:08,393 INFO o.a.j.JMeter: Setting property 'jmeter.reportgenerator.outputdir' to:'C:\Users\Administrador\Documents\teste-software-univas\backend\tests\jmeter\reports\getTasks2'
2025-11-18 21:39:08,396 INFO o.a.j.s.FileServer: Default base='C:\Users\Administrador\Documents\teste-software-univas'
2025-11-18 21:39:08,396 INFO o.a.j.s.FileServer: Set new base='C:\Users\Administrador\Documents\teste-software-univas\backend\tests\jmeter\plans'
2025-11-18 21:39:08,724 INFO o.a.j.s.SaveService: Testplan (JMX) version: 2.2. Testlog (JTL) version: 2.2
2025-11-18 21:39:08,763 INFO o.a.j.s.SaveService: Using SaveService properties version 5.0
2025-11-18 21:39:08,768 INFO o.a.j.s.SaveService: Using SaveService properties file encoding UTF-8
2025-11-18 21:39:08,775 INFO o.a.j.s.SaveService: Loading file: backend\tests\jmeter\plans\getTasks.jmx
2025-11-18 21:39:08,839 INFO o.a.j.p.h.s.HTTPSamplerBase: Parser for text/html is org.apache.jmeter.protocol.http.parser.LagartoBasedHtmlParser
2025-11-18 21:39:08,840 INFO o.a.j.p.h.s.HTTPSamplerBase: Parser for application/xhtml+xml is org.apache.jmeter.protocol.http.parser.LagartoBasedHtmlParser
2025-11-18 21:39:08,840 INFO o.a.j.p.h.s.HTTPSamplerBase: Parser for application/xml is org.apache.jmeter.protocol.http.parser.LagartoBasedHtmlParser
2025-11-18 21:39:08,840 INFO o.a.j.p.h.s.HTTPSamplerBase: Parser for text/xml is org.apache.jmeter.protocol.http.parser.LagartoBasedHtmlParser
2025-11-18 21:39:08,840 INFO o.a.j.p.h.s.HTTPSamplerBase: Parser for text/vnd.wap.wml is org.apache.jmeter.protocol.http.parser.RegexpHTMLParser
2025-11-18 21:39:08,840 INFO o.a.j.p.h.s.HTTPSamplerBase: Parser for text/css is org.apache.jmeter.protocol.http.parser.CssParser
2025-11-18 21:39:08,874 INFO o.a.j.JMeter: Creating summariser <summary>
2025-11-18 21:39:08,878 INFO o.a.j.r.d.ReportGenerator: ReportGenerator will use for Parsing the separator: ','
2025-11-18 21:39:08,878 INFO o.a.j.r.d.ReportGenerator: Will generate report at end of test from  results file: backend/tests/jmeter/results/getTasks2.jtl
2025-11-18 21:39:08,879 INFO o.a.j.r.d.ReportGenerator: Reading report generator properties from: C:\Users\Administrador\Downloads\apache-jmeter-5.6.3\apache-jmeter-5.6.3\bin\reportgenerator.properties
2025-11-18 21:39:08,879 INFO o.a.j.r.d.ReportGenerator: Merging with JMeter properties
2025-11-18 21:39:08,883 INFO o.a.j.r.c.ReportGeneratorConfiguration: Property 'jmeter.reportgenerator.temp_dir' not found, using default value 'temp' instead.
2025-11-18 21:39:08,888 INFO o.a.j.r.c.ReportGeneratorConfiguration: Property 'jmeter.reportgenerator.apdex_per_transaction' not found, using default value 'null' instead.
2025-11-18 21:39:08,888 INFO o.a.j.r.c.ReportGeneratorConfiguration: apdex_per_transaction is empty, not APDEX per transaction customization
2025-11-18 21:39:08,888 INFO o.a.j.r.c.ReportGeneratorConfiguration: Property 'jmeter.reportgenerator.sample_filter' not found, using default value 'null' instead.
2025-11-18 21:39:08,888 INFO o.a.j.r.c.ReportGeneratorConfiguration: Property 'jmeter.reportgenerator.report_title' not found, using default value 'null' instead.
2025-11-18 21:39:08,888 INFO o.a.j.r.c.ReportGeneratorConfiguration: Property 'jmeter.reportgenerator.start_date' not found, using default value 'null' instead.
2025-11-18 21:39:08,888 INFO o.a.j.r.c.ReportGeneratorConfiguration: Property 'jmeter.reportgenerator.end_date' not found, using default value 'null' instead.
2025-11-18 21:39:08,888 INFO o.a.j.r.c.ReportGeneratorConfiguration: Property 'jmeter.reportgenerator.date_format' not found, using default value 'null' instead.
2025-11-18 21:39:08,889 INFO o.a.j.r.c.ReportGeneratorConfiguration: Will use date range start date: null, end date: null
2025-11-18 21:39:08,894 INFO o.a.j.r.c.ReportGeneratorConfiguration: Property 'jmeter.reportgenerator.graph.totalTPS.exclude_controllers' not found, using default value 'false' instead.
2025-11-18 21:39:08,895 INFO o.a.j.r.c.ReportGeneratorConfiguration: Property 'jmeter.reportgenerator.graph.activeThreadsOverTime.exclude_controllers' not found, using default value 'false' instead.
2025-11-18 21:39:08,895 INFO o.a.j.r.c.ReportGeneratorConfiguration: Property 'jmeter.reportgenerator.graph.timeVsThreads.exclude_controllers' not found, using default value 'false' instead.
2025-11-18 21:39:08,895 INFO o.a.j.r.c.ReportGeneratorConfiguration: Property 'jmeter.reportgenerator.graph.responseTimeDistribution.exclude_controllers' not found, using default value 'false' instead.
2025-11-18 21:39:08,895 INFO o.a.j.r.c.ReportGeneratorConfiguration: Property 'jmeter.reportgenerator.graph.transactionsPerSecond.exclude_controllers' not found, using default value 'false' instead.
2025-11-18 21:39:08,895 INFO o.a.j.r.c.ReportGeneratorConfiguration: Property 'jmeter.reportgenerator.graph.responseTimePercentiles.exclude_controllers' not found, using default value 'false' instead.
2025-11-18 21:39:08,895 INFO o.a.j.r.c.ReportGeneratorConfiguration: Property 'jmeter.reportgenerator.graph.responseTimePercentilesOverTime.exclude_controllers' not found, using default value 'false' instead.
2025-11-18 21:39:08,895 INFO o.a.j.r.c.ReportGeneratorConfiguration: Property 'jmeter.reportgenerator.graph.responseTimesOverTime.exclude_controllers' not found, using default value 'false' instead.
2025-11-18 21:39:08,896 INFO o.a.j.r.c.ReportGeneratorConfiguration: Property 'jmeter.reportgenerator.graph.connectTimeOverTime.exclude_controllers' not found, using default value 'false' instead.
2025-11-18 21:39:08,896 INFO o.a.j.r.c.ReportGeneratorConfiguration: Property 'jmeter.reportgenerator.graph.latenciesOverTime.exclude_controllers' not found, using default value 'false' instead.
2025-11-18 21:39:08,897 INFO o.a.j.r.c.ReportGeneratorConfiguration: Property 'jmeter.reportgenerator.exporter.json.filters_only_sample_series' not found, using default value 'true' instead.
2025-11-18 21:39:08,897 INFO o.a.j.r.c.ReportGeneratorConfiguration: Property 'jmeter.reportgenerator.exporter.json.series_filter' not found, using default value '' instead.
2025-11-18 21:39:08,897 INFO o.a.j.r.c.ReportGeneratorConfiguration: Property 'jmeter.reportgenerator.exporter.json.show_controllers_only' not found, using default value 'false' instead.
2025-11-18 21:39:08,898 INFO o.a.j.r.c.ReportGeneratorConfiguration: Property 'jmeter.reportgenerator.exporter.html.filters_only_sample_series' not found, using default value 'true' instead.
2025-11-18 21:39:08,898 INFO o.a.j.r.c.ReportGeneratorConfiguration: Property 'jmeter.reportgenerator.exporter.html.series_filter' not found, using default value '' instead.
2025-11-18 21:39:08,898 INFO o.a.j.r.c.ReportGeneratorConfiguration: Property 'jmeter.reportgenerator.exporter.html.show_controllers_only' not found, using default value 'false' instead.
2025-11-18 21:39:08,914 INFO o.a.j.e.StandardJMeterEngine: Running the test!
2025-11-18 21:39:08,917 INFO o.a.j.s.SampleEvent: List of sample_variables: []
2025-11-18 21:39:08,917 INFO o.a.j.s.SampleEvent: List of sample_variables: []
2025-11-18 21:39:08,926 INFO o.a.j.e.u.CompoundVariable: Note: Function class names must contain the string: '.functions.'
2025-11-18 21:39:08,926 INFO o.a.j.e.u.CompoundVariable: Note: Function class names must not contain the string: '.gui.'
2025-11-18 21:39:09,024 INFO o.a.j.JMeter: Running test (1763512749024)
2025-11-18 21:39:09,047 INFO o.a.j.e.StandardJMeterEngine: Starting ThreadGroup: 1 : Thread Group
2025-11-18 21:39:09,047 INFO o.a.j.e.StandardJMeterEngine: Starting 50 threads for group Thread Group.
2025-11-18 21:39:09,047 INFO o.a.j.e.StandardJMeterEngine: Thread will continue on error
2025-11-18 21:39:09,047 INFO o.a.j.t.ThreadGroup: Starting thread group... number=1 threads=50 ramp-up=5 delayedStart=false
2025-11-18 21:39:09,073 INFO o.a.j.t.JMeterThread: Thread started: Thread Group 1-1
2025-11-18 21:39:09,091 INFO o.a.j.t.ThreadGroup: Started thread group number 1
2025-11-18 21:39:09,091 INFO o.a.j.e.StandardJMeterEngine: All thread groups have been started
2025-11-18 21:39:09,108 INFO o.a.j.p.h.s.HTTPHCAbstractImpl: Local host = UNI-LABF-7467
2025-11-18 21:39:09,114 INFO o.a.j.p.h.s.HTTPHC4Impl: HTTP request retry count = 0
2025-11-18 21:39:09,117 INFO o.a.j.s.SampleResult: Note: Sample TimeStamps are START times
2025-11-18 21:39:09,117 INFO o.a.j.s.SampleResult: sampleresult.default.encoding is set to UTF-8
2025-11-18 21:39:09,117 INFO o.a.j.s.SampleResult: sampleresult.useNanoTime=true
2025-11-18 21:39:09,117 INFO o.a.j.s.SampleResult: sampleresult.nanoThreadSleep=5000
2025-11-18 21:39:09,167 INFO o.a.j.t.JMeterThread: Thread started: Thread Group 1-2
2025-11-18 21:39:09,266 INFO o.a.j.t.JMeterThread: Thread started: Thread Group 1-3
2025-11-18 21:39:09,272 INFO o.a.j.t.JMeterThread: Thread is done: Thread Group 1-1
2025-11-18 21:39:09,272 INFO o.a.j.t.JMeterThread: Thread is done: Thread Group 1-2
2025-11-18 21:39:09,272 INFO o.a.j.t.JMeterThread: Thread finished: Thread Group 1-1
2025-11-18 21:39:09,272 INFO o.a.j.t.JMeterThread: Thread finished: Thread Group 1-2
2025-11-18 21:39:09,277 INFO o.a.j.t.JMeterThread: Thread is done: Thread Group 1-3
2025-11-18 21:39:09,278 INFO o.a.j.t.JMeterThread: Thread finished: Thread Group 1-3
2025-11-18 21:39:09,367 INFO o.a.j.t.JMeterThread: Thread started: Thread Group 1-4
2025-11-18 21:39:09,389 INFO o.a.j.t.JMeterThread: Thread is done: Thread Group 1-4
2025-11-18 21:39:09,389 INFO o.a.j.t.JMeterThread: Thread finished: Thread Group 1-4
2025-11-18 21:39:09,464 INFO o.a.j.t.JMeterThread: Thread started: Thread Group 1-5
2025-11-18 21:39:09,482 INFO o.a.j.t.JMeterThread: Thread is done: Thread Group 1-5
2025-11-18 21:39:09,484 INFO o.a.j.t.JMeterThread: Thread finished: Thread Group 1-5
2025-11-18 21:39:09,562 INFO o.a.j.t.JMeterThread: Thread started: Thread Group 1-6
2025-11-18 21:39:09,577 INFO o.a.j.t.JMeterThread: Thread is done: Thread Group 1-6
2025-11-18 21:39:09,577 INFO o.a.j.t.JMeterThread: Thread finished: Thread Group 1-6
2025-11-18 21:39:09,661 INFO o.a.j.t.JMeterThread: Thread started: Thread Group 1-7
2025-11-18 21:39:09,678 INFO o.a.j.t.JMeterThread: Thread is done: Thread Group 1-7
2025-11-18 21:39:09,678 INFO o.a.j.t.JMeterThread: Thread finished: Thread Group 1-7
2025-11-18 21:39:09,761 INFO o.a.j.t.JMeterThread: Thread started: Thread Group 1-8
2025-11-18 21:39:09,778 INFO o.a.j.t.JMeterThread: Thread is done: Thread Group 1-8
2025-11-18 21:39:09,778 INFO o.a.j.t.JMeterThread: Thread finished: Thread Group 1-8
2025-11-18 21:39:09,860 INFO o.a.j.t.JMeterThread: Thread started: Thread Group 1-9
2025-11-18 21:39:09,871 INFO o.a.j.t.JMeterThread: Thread is done: Thread Group 1-9
2025-11-18 21:39:09,871 INFO o.a.j.t.JMeterThread: Thread finished: Thread Group 1-9
2025-11-18 21:39:09,959 INFO o.a.j.t.JMeterThread: Thread started: Thread Group 1-10
2025-11-18 21:39:09,976 INFO o.a.j.t.JMeterThread: Thread is done: Thread Group 1-10
2025-11-18 21:39:09,976 INFO o.a.j.t.JMeterThread: Thread finished: Thread Group 1-10
2025-11-18 21:39:10,059 INFO o.a.j.t.JMeterThread: Thread started: Thread Group 1-11
2025-11-18 21:39:10,081 INFO o.a.j.t.JMeterThread: Thread is done: Thread Group 1-11
2025-11-18 21:39:10,082 INFO o.a.j.t.JMeterThread: Thread finished: Thread Group 1-11
2025-11-18 21:39:10,159 INFO o.a.j.t.JMeterThread: Thread started: Thread Group 1-12
2025-11-18 21:39:10,197 INFO o.a.j.t.JMeterThread: Thread is done: Thread Group 1-12
2025-11-18 21:39:10,198 INFO o.a.j.t.JMeterThread: Thread finished: Thread Group 1-12
2025-11-18 21:39:10,256 INFO o.a.j.t.JMeterThread: Thread started: Thread Group 1-13
2025-11-18 21:39:10,278 INFO o.a.j.t.JMeterThread: Thread is done: Thread Group 1-13
2025-11-18 21:39:10,279 INFO o.a.j.t.JMeterThread: Thread finished: Thread Group 1-13
2025-11-18 21:39:10,358 INFO o.a.j.t.JMeterThread: Thread started: Thread Group 1-14
2025-11-18 21:39:10,374 INFO o.a.j.t.JMeterThread: Thread is done: Thread Group 1-14
2025-11-18 21:39:10,374 INFO o.a.j.t.JMeterThread: Thread finished: Thread Group 1-14
2025-11-18 21:39:10,456 INFO o.a.j.t.JMeterThread: Thread started: Thread Group 1-15
2025-11-18 21:39:10,472 INFO o.a.j.t.JMeterThread: Thread is done: Thread Group 1-15
2025-11-18 21:39:10,472 INFO o.a.j.t.JMeterThread: Thread finished: Thread Group 1-15
2025-11-18 21:39:10,553 INFO o.a.j.t.JMeterThread: Thread started: Thread Group 1-16
2025-11-18 21:39:10,571 INFO o.a.j.t.JMeterThread: Thread is done: Thread Group 1-16
2025-11-18 21:39:10,572 INFO o.a.j.t.JMeterThread: Thread finished: Thread Group 1-16
2025-11-18 21:39:10,654 INFO o.a.j.t.JMeterThread: Thread started: Thread Group 1-17
2025-11-18 21:39:10,675 INFO o.a.j.t.JMeterThread: Thread is done: Thread Group 1-17
2025-11-18 21:39:10,675 INFO o.a.j.t.JMeterThread: Thread finished: Thread Group 1-17
2025-11-18 21:39:10,753 INFO o.a.j.t.JMeterThread: Thread started: Thread Group 1-18
2025-11-18 21:39:10,786 INFO o.a.j.t.JMeterThread: Thread is done: Thread Group 1-18
2025-11-18 21:39:10,786 INFO o.a.j.t.JMeterThread: Thread finished: Thread Group 1-18
2025-11-18 21:39:10,851 INFO o.a.j.t.JMeterThread: Thread started: Thread Group 1-19
2025-11-18 21:39:10,869 INFO o.a.j.t.JMeterThread: Thread is done: Thread Group 1-19
2025-11-18 21:39:10,870 INFO o.a.j.t.JMeterThread: Thread finished: Thread Group 1-19
2025-11-18 21:39:10,951 INFO o.a.j.t.JMeterThread: Thread started: Thread Group 1-20
2025-11-18 21:39:10,971 INFO o.a.j.t.JMeterThread: Thread is done: Thread Group 1-20
2025-11-18 21:39:10,971 INFO o.a.j.t.JMeterThread: Thread finished: Thread Group 1-20
2025-11-18 21:39:11,050 INFO o.a.j.t.JMeterThread: Thread started: Thread Group 1-21
2025-11-18 21:39:11,072 INFO o.a.j.t.JMeterThread: Thread is done: Thread Group 1-21
2025-11-18 21:39:11,072 INFO o.a.j.t.JMeterThread: Thread finished: Thread Group 1-21
2025-11-18 21:39:11,151 INFO o.a.j.t.JMeterThread: Thread started: Thread Group 1-22
2025-11-18 21:39:11,173 INFO o.a.j.t.JMeterThread: Thread is done: Thread Group 1-22
2025-11-18 21:39:11,174 INFO o.a.j.t.JMeterThread: Thread finished: Thread Group 1-22
2025-11-18 21:39:11,251 INFO o.a.j.t.JMeterThread: Thread started: Thread Group 1-23
2025-11-18 21:39:11,272 INFO o.a.j.t.JMeterThread: Thread is done: Thread Group 1-23
2025-11-18 21:39:11,273 INFO o.a.j.t.JMeterThread: Thread finished: Thread Group 1-23
2025-11-18 21:39:11,351 INFO o.a.j.t.JMeterThread: Thread started: Thread Group 1-24
2025-11-18 21:39:11,363 INFO o.a.j.t.JMeterThread: Thread is done: Thread Group 1-24
2025-11-18 21:39:11,364 INFO o.a.j.t.JMeterThread: Thread finished: Thread Group 1-24
2025-11-18 21:39:11,449 INFO o.a.j.t.JMeterThread: Thread started: Thread Group 1-25
2025-11-18 21:39:11,473 INFO o.a.j.t.JMeterThread: Thread is done: Thread Group 1-25
2025-11-18 21:39:11,473 INFO o.a.j.t.JMeterThread: Thread finished: Thread Group 1-25
2025-11-18 21:39:11,549 INFO o.a.j.t.JMeterThread: Thread started: Thread Group 1-26
2025-11-18 21:39:11,572 INFO o.a.j.t.JMeterThread: Thread is done: Thread Group 1-26
2025-11-18 21:39:11,572 INFO o.a.j.t.JMeterThread: Thread finished: Thread Group 1-26
2025-11-18 21:39:11,649 INFO o.a.j.t.JMeterThread: Thread started: Thread Group 1-27
2025-11-18 21:39:11,664 INFO o.a.j.t.JMeterThread: Thread is done: Thread Group 1-27
2025-11-18 21:39:11,664 INFO o.a.j.t.JMeterThread: Thread finished: Thread Group 1-27
2025-11-18 21:39:11,750 INFO o.a.j.t.JMeterThread: Thread started: Thread Group 1-28
2025-11-18 21:39:11,775 INFO o.a.j.t.JMeterThread: Thread is done: Thread Group 1-28
2025-11-18 21:39:11,777 INFO o.a.j.t.JMeterThread: Thread finished: Thread Group 1-28
2025-11-18 21:39:11,849 INFO o.a.j.t.JMeterThread: Thread started: Thread Group 1-29
2025-11-18 21:39:11,871 INFO o.a.j.t.JMeterThread: Thread is done: Thread Group 1-29
2025-11-18 21:39:11,871 INFO o.a.j.t.JMeterThread: Thread finished: Thread Group 1-29
2025-11-18 21:39:11,948 INFO o.a.j.t.JMeterThread: Thread started: Thread Group 1-30
2025-11-18 21:39:11,969 INFO o.a.j.t.JMeterThread: Thread is done: Thread Group 1-30
2025-11-18 21:39:11,970 INFO o.a.j.t.JMeterThread: Thread finished: Thread Group 1-30
2025-11-18 21:39:12,049 INFO o.a.j.t.JMeterThread: Thread started: Thread Group 1-31
2025-11-18 21:39:12,066 INFO o.a.j.t.JMeterThread: Thread is done: Thread Group 1-31
2025-11-18 21:39:12,066 INFO o.a.j.t.JMeterThread: Thread finished: Thread Group 1-31
2025-11-18 21:39:12,148 INFO o.a.j.t.JMeterThread: Thread started: Thread Group 1-32
2025-11-18 21:39:12,168 INFO o.a.j.t.JMeterThread: Thread is done: Thread Group 1-32
2025-11-18 21:39:12,169 INFO o.a.j.t.JMeterThread: Thread finished: Thread Group 1-32
2025-11-18 21:39:12,248 INFO o.a.j.t.JMeterThread: Thread started: Thread Group 1-33
2025-11-18 21:39:12,266 INFO o.a.j.t.JMeterThread: Thread is done: Thread Group 1-33
2025-11-18 21:39:12,266 INFO o.a.j.t.JMeterThread: Thread finished: Thread Group 1-33
2025-11-18 21:39:12,348 INFO o.a.j.t.JMeterThread: Thread started: Thread Group 1-34
2025-11-18 21:39:12,371 INFO o.a.j.t.JMeterThread: Thread is done: Thread Group 1-34
2025-11-18 21:39:12,378 INFO o.a.j.t.JMeterThread: Thread finished: Thread Group 1-34
2025-11-18 21:39:12,447 INFO o.a.j.t.JMeterThread: Thread started: Thread Group 1-35
2025-11-18 21:39:12,466 INFO o.a.j.t.JMeterThread: Thread is done: Thread Group 1-35
2025-11-18 21:39:12,467 INFO o.a.j.t.JMeterThread: Thread finished: Thread Group 1-35
2025-11-18 21:39:12,549 INFO o.a.j.t.JMeterThread: Thread started: Thread Group 1-36
2025-11-18 21:39:12,565 INFO o.a.j.t.JMeterThread: Thread is done: Thread Group 1-36
2025-11-18 21:39:12,565 INFO o.a.j.t.JMeterThread: Thread finished: Thread Group 1-36
2025-11-18 21:39:12,648 INFO o.a.j.t.JMeterThread: Thread started: Thread Group 1-37
2025-11-18 21:39:12,667 INFO o.a.j.t.JMeterThread: Thread is done: Thread Group 1-37
2025-11-18 21:39:12,667 INFO o.a.j.t.JMeterThread: Thread finished: Thread Group 1-37
2025-11-18 21:39:12,749 INFO o.a.j.t.JMeterThread: Thread started: Thread Group 1-38
2025-11-18 21:39:12,766 INFO o.a.j.t.JMeterThread: Thread is done: Thread Group 1-38
2025-11-18 21:39:12,767 INFO o.a.j.t.JMeterThread: Thread finished: Thread Group 1-38
2025-11-18 21:39:12,848 INFO o.a.j.t.JMeterThread: Thread started: Thread Group 1-39
2025-11-18 21:39:12,866 INFO o.a.j.t.JMeterThread: Thread is done: Thread Group 1-39
2025-11-18 21:39:12,866 INFO o.a.j.t.JMeterThread: Thread finished: Thread Group 1-39
2025-11-18 21:39:12,949 INFO o.a.j.t.JMeterThread: Thread started: Thread Group 1-40
2025-11-18 21:39:12,969 INFO o.a.j.t.JMeterThread: Thread is done: Thread Group 1-40
2025-11-18 21:39:12,969 INFO o.a.j.t.JMeterThread: Thread finished: Thread Group 1-40
2025-11-18 21:39:13,049 INFO o.a.j.t.JMeterThread: Thread started: Thread Group 1-41
2025-11-18 21:39:13,074 INFO o.a.j.t.JMeterThread: Thread is done: Thread Group 1-41
2025-11-18 21:39:13,074 INFO o.a.j.t.JMeterThread: Thread finished: Thread Group 1-41
2025-11-18 21:39:13,148 INFO o.a.j.t.JMeterThread: Thread started: Thread Group 1-42
2025-11-18 21:39:13,172 INFO o.a.j.t.JMeterThread: Thread is done: Thread Group 1-42
2025-11-18 21:39:13,173 INFO o.a.j.t.JMeterThread: Thread finished: Thread Group 1-42
2025-11-18 21:39:13,249 INFO o.a.j.t.JMeterThread: Thread started: Thread Group 1-43
2025-11-18 21:39:13,271 INFO o.a.j.t.JMeterThread: Thread is done: Thread Group 1-43
2025-11-18 21:39:13,271 INFO o.a.j.t.JMeterThread: Thread finished: Thread Group 1-43
2025-11-18 21:39:13,348 INFO o.a.j.t.JMeterThread: Thread started: Thread Group 1-44
2025-11-18 21:39:13,369 INFO o.a.j.t.JMeterThread: Thread is done: Thread Group 1-44
2025-11-18 21:39:13,370 INFO o.a.j.t.JMeterThread: Thread finished: Thread Group 1-44
2025-11-18 21:39:13,449 INFO o.a.j.t.JMeterThread: Thread started: Thread Group 1-45
2025-11-18 21:39:13,475 INFO o.a.j.t.JMeterThread: Thread is done: Thread Group 1-45
2025-11-18 21:39:13,475 INFO o.a.j.t.JMeterThread: Thread finished: Thread Group 1-45
2025-11-18 21:39:13,548 INFO o.a.j.t.JMeterThread: Thread started: Thread Group 1-46
2025-11-18 21:39:13,568 INFO o.a.j.t.JMeterThread: Thread is done: Thread Group 1-46
2025-11-18 21:39:13,568 INFO o.a.j.t.JMeterThread: Thread finished: Thread Group 1-46
2025-11-18 21:39:13,648 INFO o.a.j.t.JMeterThread: Thread started: Thread Group 1-47
2025-11-18 21:39:13,671 INFO o.a.j.t.JMeterThread: Thread is done: Thread Group 1-47
2025-11-18 21:39:13,672 INFO o.a.j.t.JMeterThread: Thread finished: Thread Group 1-47
2025-11-18 21:39:13,750 INFO o.a.j.t.JMeterThread: Thread started: Thread Group 1-48
2025-11-18 21:39:13,765 INFO o.a.j.t.JMeterThread: Thread is done: Thread Group 1-48
2025-11-18 21:39:13,765 INFO o.a.j.t.JMeterThread: Thread finished: Thread Group 1-48
2025-11-18 21:39:13,848 INFO o.a.j.t.JMeterThread: Thread started: Thread Group 1-49
2025-11-18 21:39:13,863 INFO o.a.j.t.JMeterThread: Thread is done: Thread Group 1-49
2025-11-18 21:39:13,863 INFO o.a.j.t.JMeterThread: Thread finished: Thread Group 1-49
2025-11-18 21:39:13,949 INFO o.a.j.t.JMeterThread: Thread started: Thread Group 1-50
2025-11-18 21:39:13,969 INFO o.a.j.t.JMeterThread: Thread is done: Thread Group 1-50
2025-11-18 21:39:13,970 INFO o.a.j.t.JMeterThread: Thread finished: Thread Group 1-50
2025-11-18 21:39:13,971 INFO o.a.j.e.StandardJMeterEngine: Notifying test listeners of end of test
2025-11-18 21:39:13,979 INFO o.a.j.r.Summariser: summary =     50 in 00:00:05 =   10.1/s Avg:    18 Min:     9 Max:    47 Err:     0 (0.00%)
2025-11-18 21:39:13,981 INFO o.a.j.JMeter: Generating Dashboard
2025-11-18 21:39:13,981 INFO o.a.j.r.d.ReportGenerator: Flushing result collector before report Generation
2025-11-18 21:39:14,029 INFO o.a.j.r.p.NormalizerSampleConsumer: Using format, 'ms', to parse timeStamp field
2025-11-18 21:39:14,169 INFO o.a.j.r.p.AbstractSampleConsumer: class org.apache.jmeter.report.processor.AggregateConsumer#stopProducing(): beginDate produced 0 samples
2025-11-18 21:39:14,169 INFO o.a.j.r.p.AbstractSampleConsumer: class org.apache.jmeter.report.processor.AggregateConsumer#stopProducing(): endDate produced 0 samples
2025-11-18 21:39:14,177 INFO o.a.j.r.p.AbstractSampleConsumer: class org.apache.jmeter.report.processor.ApdexSummaryConsumer#stopProducing(): apdexSummary produced 0 samples
2025-11-18 21:39:14,177 INFO o.a.j.r.p.AbstractSampleConsumer: class org.apache.jmeter.report.processor.RequestsSummaryConsumer#stopProducing(): requestsSummary produced 0 samples
2025-11-18 21:39:14,183 INFO o.a.j.r.p.AbstractSampleConsumer: class org.apache.jmeter.report.processor.StatisticsSummaryConsumer#stopProducing(): statisticsSummary produced 0 samples
2025-11-18 21:39:14,185 INFO o.a.j.r.p.AbstractSampleConsumer: class org.apache.jmeter.report.processor.Top5ErrorsBySamplerConsumer#stopProducing(): top5ErrorsBySampler produced 0 samples
2025-11-18 21:39:14,185 INFO o.a.j.r.p.AbstractSampleConsumer: class org.apache.jmeter.report.processor.ErrorsSummaryConsumer#stopProducing(): errorsSummary produced 0 samples
2025-11-18 21:39:14,185 INFO o.a.j.r.p.AbstractSampleConsumer: class org.apache.jmeter.report.processor.graph.impl.HitsPerSecondGraphConsumer#stopProducing(): hitsPerSecond produced 0 samples
2025-11-18 21:39:14,199 INFO o.a.j.r.p.AbstractSampleConsumer: class org.apache.jmeter.report.processor.graph.impl.LatencyVSRequestGraphConsumer#stopProducing(): latencyVsRequest produced 0 samples
2025-11-18 21:39:14,199 INFO o.a.j.r.p.AbstractSampleConsumer: class org.apache.jmeter.report.processor.graph.impl.SyntheticResponseTimeDistributionGraphConsumer#stopProducing(): syntheticResponseTimeDistribution produced 0 samples
2025-11-18 21:39:14,201 INFO o.a.j.r.p.AbstractSampleConsumer: class org.apache.jmeter.report.processor.graph.impl.BytesThroughputGraphConsumer#stopProducing(): bytesThroughputOverTime produced 0 samples
2025-11-18 21:39:14,201 INFO o.a.j.r.p.AbstractSampleConsumer: class org.apache.jmeter.report.processor.graph.impl.CodesPerSecondGraphConsumer#stopProducing(): codesPerSecond produced 0 samples
2025-11-18 21:39:14,204 INFO o.a.j.r.p.AbstractSampleConsumer: class org.apache.jmeter.report.processor.graph.impl.ResponseTimeVSRequestGraphConsumer#stopProducing(): responseTimeVsRequest produced 0 samples
2025-11-18 21:39:14,204 INFO o.a.j.r.p.AbstractSampleConsumer: class org.apache.jmeter.report.processor.FilterConsumer#stopProducing(): startIntervalControlerFilter produced 350 samples
2025-11-18 21:39:14,204 INFO o.a.j.r.p.AbstractSampleConsumer: class org.apache.jmeter.report.processor.graph.impl.TotalTPSGraphConsumer#stopProducing(): totalTPS produced 0 samples
2025-11-18 21:39:14,204 INFO o.a.j.r.p.AbstractSampleConsumer: class org.apache.jmeter.report.processor.graph.impl.ActiveThreadsGraphConsumer#stopProducing(): activeThreadsOverTime produced 0 samples
2025-11-18 21:39:14,204 INFO o.a.j.r.p.AbstractSampleConsumer: class org.apache.jmeter.report.processor.graph.impl.TimeVSThreadGraphConsumer#stopProducing(): timeVsThreads produced 0 samples
2025-11-18 21:39:14,204 INFO o.a.j.r.p.AbstractSampleConsumer: class org.apache.jmeter.report.processor.graph.impl.ResponseTimeDistributionGraphConsumer#stopProducing(): responseTimeDistribution produced 0 samples
2025-11-18 21:39:14,205 INFO o.a.j.r.p.AbstractSampleConsumer: class org.apache.jmeter.report.processor.graph.impl.TransactionsPerSecondGraphConsumer#stopProducing(): transactionsPerSecond produced 0 samples
2025-11-18 21:39:14,205 INFO o.a.j.r.p.AbstractSampleConsumer: class org.apache.jmeter.report.processor.graph.impl.ResponseTimePercentilesGraphConsumer#stopProducing(): responseTimePercentiles produced 0 samples
2025-11-18 21:39:14,205 INFO o.a.j.r.p.AbstractSampleConsumer: class org.apache.jmeter.report.processor.graph.impl.ResponseTimePercentilesOverTimeGraphConsumer#stopProducing(): responseTimePercentilesOverTime produced 0 samples
2025-11-18 21:39:14,206 INFO o.a.j.r.p.AbstractSampleConsumer: class org.apache.jmeter.report.processor.graph.impl.ResponseTimeOverTimeGraphConsumer#stopProducing(): responseTimesOverTime produced 0 samples
2025-11-18 21:39:14,206 INFO o.a.j.r.p.AbstractSampleConsumer: class org.apache.jmeter.report.processor.graph.impl.ConnectTimeOverTimeGraphConsumer#stopProducing(): connectTimeOverTime produced 0 samples
2025-11-18 21:39:14,206 INFO o.a.j.r.p.AbstractSampleConsumer: class org.apache.jmeter.report.processor.graph.impl.LatencyOverTimeGraphConsumer#stopProducing(): latenciesOverTime produced 0 samples
2025-11-18 21:39:14,206 INFO o.a.j.r.p.AbstractSampleConsumer: class org.apache.jmeter.report.processor.FilterConsumer#stopProducing(): nameFilter produced 750 samples
2025-11-18 21:39:14,206 INFO o.a.j.r.p.AbstractSampleConsumer: class org.apache.jmeter.report.processor.FilterConsumer#stopProducing(): dateRangeFilter produced 150 samples
2025-11-18 21:39:14,206 INFO o.a.j.r.p.AbstractSampleConsumer: class org.apache.jmeter.report.processor.NormalizerSampleConsumer#stopProducing(): normalizer produced 50 samples
2025-11-18 21:39:14,206 INFO o.a.j.r.p.CsvFileSampleSource: produce(): 50 samples produced in 139ms on channel 0
2025-11-18 21:39:14,207 INFO o.a.j.r.d.ReportGenerator: Exporting data using exporter:'json' of className:'org.apache.jmeter.report.dashboard.JsonExporter'
2025-11-18 21:39:14,275 INFO o.a.j.r.d.JsonExporter: Found data for consumer statisticsSummary in context
2025-11-18 21:39:14,275 INFO o.a.j.r.d.JsonExporter: Creating statistics for overall
2025-11-18 21:39:14,276 INFO o.a.j.r.d.JsonExporter: Creating statistics for other transactions
2025-11-18 21:39:14,276 INFO o.a.j.r.d.JsonExporter: Checking output folder
2025-11-18 21:39:14,276 INFO o.a.j.r.d.JsonExporter: Writing statistics JSON to C:\Users\Administrador\Documents\teste-software-univas\backend\tests\jmeter\reports\getTasks2\statistics.json
2025-11-18 21:39:14,321 INFO o.a.j.r.d.ReportGenerator: Exporting data using exporter:'html' of className:'org.apache.jmeter.report.dashboard.HtmlTemplateExporter'
2025-11-18 21:39:14,326 INFO o.a.j.r.d.HtmlTemplateExporter: Will generate dashboard in folder: C:\Users\Administrador\Documents\teste-software-univas\backend\tests\jmeter\reports\getTasks2
2025-11-18 21:39:14,438 INFO o.a.j.r.d.HtmlTemplateExporter: Report will be generated in: C:\Users\Administrador\Documents\teste-software-univas\backend\tests\jmeter\reports\getTasks2, creating folder structure
2025-11-18 21:39:14,440 INFO o.a.j.r.d.TemplateVisitor: Copying folder from 'C:\Users\Administrador\Downloads\apache-jmeter-5.6.3\apache-jmeter-5.6.3\bin\report-template' to 'C:\Users\Administrador\Documents\teste-software-univas\backend\tests\jmeter\reports\getTasks2', got message: C:\Users\Administrador\Documents\teste-software-univas\backend\tests\jmeter\reports\getTasks2, found non empty folder with following content [C:\Users\Administrador\Documents\teste-software-univas\backend\tests\jmeter\reports\getTasks2\statistics.json], will be ignored
2025-11-18 21:39:14,897 INFO o.a.j.JMeter: Dashboard generated
